React Formik Tutorial
https://www.youtube.com/playlist?list=PLC3y8-rFHvwiPmFbtzEWjESkqBVDbdgGu

https://github.com/gopinav/React-Formik-Tutorials/tree/master/react-formik-demo
https://github.com/Annie-Huang/react-formik-tutorials

https://www.npmjs.com/package/yup
https://www.npmjs.com/package/react-datepicker
https://reactdatepicker.com/

https://github.com/jquense/yup#mixedoneofarrayofvalues-arrayany-message-string--function-schema-alias-equals
https://github.com/jquense/yup#mixedwhenkeys-string--arraystring-builder-object--value-schema-schema-schema
https://chakra-ui.com/
===========================================

C:\react>npx create-react-app react-formik-tutorials

C:\react\react-formik-tutorials>npm install formik


Simple Form:
1. Managing the form state
2. Handling form submission
3. Validation and error messages


C:\react\react-formik-tutorials>npm install yup

=============================
Back up the first part into react-formik-demo folder:

Reusable Formik Controls:
- FormikContainer component
- FormikControl component
- Input
- TextArea
- Select
- RadioButtons
- Checkboxes
- DatePicker
- Registration, Login, and Course Enrollment
- UI Component library


C:\react\react-formik-tutorials>npx create-react-app formik-controls-demo

C:\react\react-formik-tutorials\formik-controls-demo>npm install formik
C:\react\react-formik-tutorials\formik-controls-demo>npm install yup
C:\react\react-formik-tutorials\formik-controls-demo>npm install react-datepicker
C:\react\react-formik-tutorials\formik-controls-demo>npm install @chakra-ui/core @emotion/core @emotion/styled emotion-theming


Course Summary:
Build a simple form with the useFormik Hook
Manage the form state, handle form submissions and validations
Formik Components - Formik, Form, Field, FastField, FieldArray, ErrorMessage
Few handy features
Reusable components for input, textarea, select, radio buttons, checkboxes and datepicker
Build a user login, registration and enrollment forms
Wire up a UI library

To practice further, you can:
Create a set of reusable formik controls with a UI library of your choice
Add a shake animation to form controls
Submit and load a partially filled form

